MPLINK 4.37, Linker
Linker Map File - Created Tue Nov 15 00:27:56 2022

                                 Section Info
                  Section       Type    Address   Location Size(Bytes)
                ---------  ---------  ---------  ---------  ---------
                   .org_0       code   0x000000    program   0x000000
                   .org_1       code   0x000000    program   0x00002a



                              Program Memory Usage 
                               Start         End      
                           ---------   ---------      
                            0x000000    0x000014      
            21 out of 1093 program addresses used, program memory utilization is 1%



                              Symbols - Sorted by Name
                     Name    Address   Location    Storage File                     
                ---------  ---------  ---------  --------- ---------                
                     Main   0x000000    program     static C:\Users\mynam\Downloads\New folder (2)\Exp2(1)\Labsheet2.asm
                    Mul49   0x00000e    program     static C:\Users\mynam\Downloads\New folder (2)\Exp2(1)\Labsheet2.asm
                     Mul7   0x000005    program     static C:\Users\mynam\Downloads\New folder (2)\Exp2(1)\Labsheet2.asm
                      add   0x000009    program     static C:\Users\mynam\Downloads\New folder (2)\Exp2(1)\Labsheet2.asm
                   finish   0x000014    program     static C:\Users\mynam\Downloads\New folder (2)\Exp2(1)\Labsheet2.asm



                              Symbols - Sorted by Address
                     Name    Address   Location    Storage File                     
                ---------  ---------  ---------  --------- ---------                
                     Main   0x000000    program     static C:\Users\mynam\Downloads\New folder (2)\Exp2(1)\Labsheet2.asm
                     Mul7   0x000005    program     static C:\Users\mynam\Downloads\New folder (2)\Exp2(1)\Labsheet2.asm
                      add   0x000009    program     static C:\Users\mynam\Downloads\New folder (2)\Exp2(1)\Labsheet2.asm
                    Mul49   0x00000e    program     static C:\Users\mynam\Downloads\New folder (2)\Exp2(1)\Labsheet2.asm
                   finish   0x000014    program     static C:\Users\mynam\Downloads\New folder (2)\Exp2(1)\Labsheet2.asm


